
> react-kavia@0.1.0 start
> cross-env EDIT_MODE=true webpack serve --config .ve/webpack.config.js --mode development

<i> [webpack-dev-server] Project is running at:
<i> [webpack-dev-server] Loopback: http://localhost:3000/, http://[::1]:3000/
<i> [webpack-dev-server] On Your Network (IPv4): http://172.17.0.2:3000/
<i> [webpack-dev-server] Content not from webpack is served from './public' directory
Injecting EditorRootWrapper import: ../.ve/EditorRootWrapper
asset bundle.js 1.39 MiB [emitted] (name: main)
asset index.html 1.92 KiB [emitted]
runtime modules 27.5 KiB 14 modules
modules by path ./node_modules/ 1.24 MiB 31 modules
modules by path ./src/ 10.3 KiB
  modules by path ./src/*.css 7.49 KiB 4 modules
  modules by path ./src/*.js 2.76 KiB
    ./src/index.js 530 bytes [built] [code generated]
    ./src/App.js 2.25 KiB [built] [code generated]
modules by path ./.ve/ 15.1 KiB
  modules by path ./.ve/*.js 10.6 KiB 2 modules
  modules by path ./.ve/*.css 2.93 KiB
    ./.ve/EditorOverlay.css 2.25 KiB [built] [code generated]
    ./node_modules/css-loader/dist/cjs.js!./.ve/EditorOverlay.css 697 bytes [built] [code generated]
  ./.ve/EditorOverlay.jsx 1.58 KiB [built] [code generated]
webpack 5.99.9 compiled successfully in 1489 ms
assets by status 1.92 KiB [cached] 1 asset
assets by path *.js 1.38 MiB
  asset bundle.js 1.38 MiB [emitted] (name: main)
  asset main.e8942321d13f804d239b.hot-update.js 2.86 KiB [emitted] [immutable] [hmr] (name: main)
asset main.e8942321d13f804d239b.hot-update.json 112 bytes [emitted] [immutable] [hmr]
Entrypoint main 1.38 MiB = bundle.js 1.38 MiB main.e8942321d13f804d239b.hot-update.js 2.86 KiB
cached modules 1.26 MiB [cached] 38 modules
runtime modules 27.5 KiB 14 modules
./src/index.js 530 bytes [code generated]

ERROR in ./src/index.js 5:0-24
Module not found: Error: Can't resolve './App' in '/home/kavia/workspace/code-generation/samoyed-insights-38767-cc3ea1fb/samoyed_insights_frontend/src'
resolve './App' in '/home/kavia/workspace/code-generation/samoyed-insights-38767-cc3ea1fb/samoyed_insights_frontend/src'
  using description file: /home/kavia/workspace/code-generation/samoyed-insights-38767-cc3ea1fb/samoyed_insights_frontend/package.json (relative path: ./src)
    Field 'browser' doesn't contain a valid alias configuration
    using description file: /home/kavia/workspace/code-generation/samoyed-insights-38767-cc3ea1fb/samoyed_insights_frontend/package.json (relative path: ./src/App)
      no extension
        Field 'browser' doesn't contain a valid alias configuration
        /home/kavia/workspace/code-generation/samoyed-insights-38767-cc3ea1fb/samoyed_insights_frontend/src/App doesn't exist
      .js
        Field 'browser' doesn't contain a valid alias configuration
        /home/kavia/workspace/code-generation/samoyed-insights-38767-cc3ea1fb/samoyed_insights_frontend/src/App.js doesn't exist
      .jsx
        Field 'browser' doesn't contain a valid alias configuration
        /home/kavia/workspace/code-generation/samoyed-insights-38767-cc3ea1fb/samoyed_insights_frontend/src/App.jsx doesn't exist
      as directory
        /home/kavia/workspace/code-generation/samoyed-insights-38767-cc3ea1fb/samoyed_insights_frontend/src/App doesn't exist

webpack 5.99.9 compiled with 1 error in 90 ms
assets by status 1.92 KiB [cached] 1 asset
assets by path *.js 170 KiB
  asset bundle.js 169 KiB [emitted] (name: main)
  asset main.ce1fd0f13dd96009a354.hot-update.js 854 bytes [emitted] [immutable] [hmr] (name: main)
asset main.ce1fd0f13dd96009a354.hot-update.json 1.16 KiB [emitted] [immutable] [hmr]
Entrypoint main 170 KiB = bundle.js 169 KiB main.ce1fd0f13dd96009a354.hot-update.js 854 bytes
cached modules 109 KiB [cached] 14 modules
runtime modules 27.4 KiB 12 modules

ERROR in main
Module not found: Error: Can't resolve './src/index.js' in '/home/kavia/workspace/code-generation/samoyed-insights-38767-cc3ea1fb/samoyed_insights_frontend'
resolve './src/index.js' in '/home/kavia/workspace/code-generation/samoyed-insights-38767-cc3ea1fb/samoyed_insights_frontend'
  using description file: /home/kavia/workspace/code-generation/samoyed-insights-38767-cc3ea1fb/samoyed_insights_frontend/package.json (relative path: .)
    Field 'browser' doesn't contain a valid alias configuration
    using description file: /home/kavia/workspace/code-generation/samoyed-insights-38767-cc3ea1fb/samoyed_insights_frontend/package.json (relative path: ./src/index.js)
      no extension
        Field 'browser' doesn't contain a valid alias configuration
        /home/kavia/workspace/code-generation/samoyed-insights-38767-cc3ea1fb/samoyed_insights_frontend/src/index.js doesn't exist
      .js
        Field 'browser' doesn't contain a valid alias configuration
        /home/kavia/workspace/code-generation/samoyed-insights-38767-cc3ea1fb/samoyed_insights_frontend/src/index.js.js doesn't exist
      .jsx
        Field 'browser' doesn't contain a valid alias configuration
        /home/kavia/workspace/code-generation/samoyed-insights-38767-cc3ea1fb/samoyed_insights_frontend/src/index.js.jsx doesn't exist
      as directory
        /home/kavia/workspace/code-generation/samoyed-insights-38767-cc3ea1fb/samoyed_insights_frontend/src/index.js doesn't exist

webpack 5.99.9 compiled with 1 error in 25 ms
assets by path *.js 170 KiB
  asset bundle.js 169 KiB [emitted] (name: main)
  asset main.cfd713866fe427a53d6c.hot-update.js 854 bytes [emitted] [immutable] [hmr] (name: main)
asset index.html 1.92 KiB [emitted]
asset main.cfd713866fe427a53d6c.hot-update.json 28 bytes [emitted] [immutable] [hmr]
Entrypoint main 170 KiB = bundle.js 169 KiB main.cfd713866fe427a53d6c.hot-update.js 854 bytes
cached modules 109 KiB [cached] 14 modules
runtime modules 27.4 KiB 12 modules

ERROR in main
Module not found: Error: Can't resolve './src/index.js' in '/home/kavia/workspace/code-generation/samoyed-insights-38767-cc3ea1fb/samoyed_insights_frontend'
resolve './src/index.js' in '/home/kavia/workspace/code-generation/samoyed-insights-38767-cc3ea1fb/samoyed_insights_frontend'
  using description file: /home/kavia/workspace/code-generation/samoyed-insights-38767-cc3ea1fb/samoyed_insights_frontend/package.json (relative path: .)
    Field 'browser' doesn't contain a valid alias configuration
    using description file: /home/kavia/workspace/code-generation/samoyed-insights-38767-cc3ea1fb/samoyed_insights_frontend/package.json (relative path: ./src/index.js)
      no extension
        Field 'browser' doesn't contain a valid alias configuration
        /home/kavia/workspace/code-generation/samoyed-insights-38767-cc3ea1fb/samoyed_insights_frontend/src/index.js doesn't exist
      .js
        Field 'browser' doesn't contain a valid alias configuration
        /home/kavia/workspace/code-generation/samoyed-insights-38767-cc3ea1fb/samoyed_insights_frontend/src/index.js.js doesn't exist
      .jsx
        Field 'browser' doesn't contain a valid alias configuration
        /home/kavia/workspace/code-generation/samoyed-insights-38767-cc3ea1fb/samoyed_insights_frontend/src/index.js.jsx doesn't exist
      as directory
        /home/kavia/workspace/code-generation/samoyed-insights-38767-cc3ea1fb/samoyed_insights_frontend/src/index.js doesn't exist

webpack 5.99.9 compiled with 1 error in 53 ms
